// Jest Snapshot v1, https://goo.gl/fbAQLP

exports[`fillFilterWithComponent fills filtered component 1`] = `::added::`;
